---
source: tests/integration.rs
expression: m_counts
---
[
  ("OR", 7),
  ("to", 7),
  ("THE", 6),
  ("the", 6),
  ("IN", 4),
  ("OF", 4),
  ("of", 4),
  ("and", 3),
  ("ANY", 2),
  ("FOR", 2),
  ("OTHER", 2),
  ("SOFTWARE", 2),
  ("Software", 2),
  ("copies", 2),
  ("in", 2),
  ("is", 2),
  ("notice", 2),
  ("this", 2),
  ("without", 2),
  ("\"AS", 1),
  ("\"Software\"),", 1),
  ("(the", 1),
  ("A", 1),
  ("ACTION", 1),
  ("AN", 1),
  ("AND", 1),
  ("ARISING", 1),
  ("AUTHORS", 1),
  ("BE", 1),
  ("BUT", 1),
  ("CLAIM,", 1),
  ("CONNECTION", 1),
  ("CONTRACT,", 1),
  ("COPYRIGHT", 1),
  ("DAMAGES", 1),
  ("DEALINGS", 1),
  ("EVENT", 1),
  ("EXPRESS", 1),
  ("FITNESS", 1),
  ("FROM,", 1),
  ("HOLDERS", 1),
  ("IMPLIED,", 1),
  ("INCLUDING", 1),
  ("IS", 1),
  ("IS\",", 1),
  ("KIND,", 1),
  ("LIABILITY,", 1),
  ("LIABLE", 1),
  ("LIMITED", 1),
  ("MERCHANTABILITY,", 1),
  ("NO", 1),
  ("NONINFRINGEMENT.", 1),
  ("NOT", 1),
  ("OTHERWISE,", 1),
  ("OUT", 1),
  ("PARTICULAR", 1),
  ("PROVIDED", 1),
  ("PURPOSE", 1),
  ("Permission", 1),
  ("SHALL", 1),
  ("SOFTWARE.", 1),
  ("Software,", 1),
  ("Software.", 1),
  ("TO", 1),
  ("TORT", 1),
  ("The", 1),
  ("USE", 1),
  ("WARRANTIES", 1),
  ("WARRANTY", 1),
  ("WHETHER", 1),
  ("WITH", 1),
  ("WITHOUT", 1),
  ("a", 1),
  ("above", 1),
  ("all", 1),
  ("and/or", 1),
  ("any", 1),
  ("associated", 1),
  ("be", 1),
  ("charge,", 1),
  ("conditions:", 1),
  ("copy", 1),
  ("copy,", 1),
  ("copyright", 1),
  ("deal", 1),
  ("distribute,", 1),
  ("do", 1),
  ("documentation", 1),
  ("files", 1),
  ("following", 1),
  ("free", 1),
  ("furnished", 1),
  ("granted,", 1),
  ("hereby", 1),
  ("included", 1),
  ("including", 1),
  ("limitation", 1),
  ("merge,", 1),
  ("modify,", 1),
  ("obtaining", 1),
  ("or", 1),
  ("permission", 1),
  ("permit", 1),
  ("person", 1),
  ("persons", 1),
  ("portions", 1),
  ("publish,", 1),
  ("restriction,", 1),
  ("rights", 1),
  ("sell", 1),
  ("shall", 1),
  ("so,", 1),
  ("software", 1),
  ("subject", 1),
  ("sublicense,", 1),
  ("substantial", 1),
  ("use,", 1),
  ("whom", 1),
]
